// Jest Snapshot v1, https://goo.gl/fbAQLP

exports[`<Paragraph /> should match snapshot 1`] = `
<div>
  <p
    class="sc-AxjAm suCXS"
  >
    This is a p tag
  </p>
</div>
`;
