// Jest Snapshot v1, https://goo.gl/fbAQLP

exports[`<ButtonStyles /> should match snapshot 1`] = `
<div>
  <button
    class="sc-AxjAm bHHMnX"
  >
    This is a button
  </button>
</div>
`;
