// Jest Snapshot v1, https://goo.gl/fbAQLP

exports[`<Input /> should match snapshot 1`] = `
<div>
  <input
    class="sc-AxjAm honbvB"
    data-testid="location-input"
    id="city"
    list="results"
    type="text"
    value="Enter city nameâ€¦"
  />
</div>
`;
