// Jest Snapshot v1, https://goo.gl/fbAQLP

exports[`<List /> should match snapshot 1`] = `
<div>
  <ul
    aria-activedescendant="-0"
    aria-hidden="true"
    class="sc-AxirZ dJyZRp"
    data-testid="location-results"
    id="results"
    role="listbox"
    tabindex="-1"
  />
</div>
`;
