// Jest Snapshot v1, https://goo.gl/fbAQLP

exports[`<CardsList /> should match snapshot 1`] = `
<div>
  <ul
    class="sc-AxiKw fteBzX"
    data-testid="locations-list"
  />
</div>
`;
