// Jest Snapshot v1, https://goo.gl/fbAQLP

exports[`<InputfieldStyles /> should match snapshot 1`] = `
<div>
  <div
    class="sc-AxjAm kmcxnG"
  >
    Some content goes here.
  </div>
</div>
`;
