// Jest Snapshot v1, https://goo.gl/fbAQLP

exports[`<SkipLink /> should match snapshot 1`] = `
<div>
  <a
    class="sc-AxjAm ezykAA"
    href="#main"
  >
    This is a skip link
  </a>
</div>
`;
