// Jest Snapshot v1, https://goo.gl/fbAQLP

exports[`<HeadingStyles /> should match snapshot 1`] = `
<div>
  <h1
    class="sc-AxjAm cJVohz"
  >
    This is a h1 tag
  </h1>
</div>
`;
